// Jest Snapshot v1, https://goo.gl/fbAQLP

exports[`Movie service When a request to delete a movie is made Then it should return the right http code 1`] = `""`;
