// Jest Snapshot v1, https://goo.gl/fbAQLP

exports[`Given an animal service When a request to register an animal is made Then it should return the right http code 1`] = `
Object {
  "breed": "Bengali",
  "gender": "Female",
  "name": "manchas",
  "vaccinated": true,
}
`;
